<html>
<body>
<pre>
<h1>礦ision Build Log</h1>
<h2>Tool Versions:</h2>
IDE-Version: μVision V5.12.0.0
Copyright (C) 2014 ARM Ltd and ARM Germany GmbH. All rights reserved.
License Information: 123 123, 123, LIC=76FZ9-41BY9-DX1U3-ADK8U-8MH38-T79FC
 
Tool Versions:
Toolchain:       MDK-ARM Standard  Version: 5.12.0.0
Toolchain Path:  E:\keill5\ARM\ARMCC\Bin
C Compiler:      Armcc.exe V5.05 (build 41)
Assembler:       Armasm.exe V5.05 (build 41)
Linker/Locator:  ArmLink.exe V5.05 (build 41)
Library Manager: ArmAr.exe V5.05 (build 41)
Hex Converter:   FromElf.exe V5.05 (build 41)
CPU DLL:         SARMCM3.DLL V5.12.0.0
Dialog DLL:      DARMSTM.DLL V1.65.0.0
    Target DLL: Segger\JL2CM3.dll
Dialog DLL:      TARMSTM.DLL V1.64.0.0
 
<h2>Project:</h2>
C:\Users\123\Desktop\嵌入式\emwin\EMWIN实验1 STemWin无操作系统移植1.0\EMWIN实验1 STemWin无操作系统移植\USER\Template.uvprojx
Project File Date:  04/14/2016

<h2>Output:</h2>
Build target 'Target 1'
compiling startUp.c...
..\EMWIN\Demo\startSetTime.h(4): warning:  #1295-D: Deprecated declaration getYear - give arg types
  u8 getYear();
..\EMWIN\Demo\startSetTime.h(5): warning:  #1295-D: Deprecated declaration getMonth - give arg types
  u8 getMonth();
..\EMWIN\Demo\startSetTime.h(6): warning:  #1295-D: Deprecated declaration getDay - give arg types
  u8 getDay ();
..\EMWIN\Demo\startSetTime.h(7): warning:  #1295-D: Deprecated declaration getHour - give arg types
  u8 getHour();
..\EMWIN\Demo\startSetTime.h(8): warning:  #1295-D: Deprecated declaration getMin - give arg types
  u8 getMin();
..\EMWIN\Demo\startUp.c: 5 warnings, 0 errors
compiling startSetTime.c...
..\EMWIN\Demo\startSetTime.h(4): warning:  #1295-D: Deprecated declaration getYear - give arg types
  u8 getYear();
..\EMWIN\Demo\startSetTime.h(5): warning:  #1295-D: Deprecated declaration getMonth - give arg types
  u8 getMonth();
..\EMWIN\Demo\startSetTime.h(6): warning:  #1295-D: Deprecated declaration getDay - give arg types
  u8 getDay ();
..\EMWIN\Demo\startSetTime.h(7): warning:  #1295-D: Deprecated declaration getHour - give arg types
  u8 getHour();
..\EMWIN\Demo\startSetTime.h(8): warning:  #1295-D: Deprecated declaration getMin - give arg types
  u8 getMin();
..\EMWIN\Demo\startSetTime.c(443): warning:  #223-D: function "sprintf" declared implicitly
                          sprintf(out," %d",getDropIndex);
..\EMWIN\Demo\startSetTime.c(102): warning:  #177-D: variable "i" was declared but never referenced
        int i;
..\EMWIN\Demo\startSetTime.c(103): warning:  #177-D: variable "dropString" was declared but never referenced
        char * dropString;
..\EMWIN\Demo\startSetTime.c(104): warning:  #177-D: variable "DropdownSecItemNum" was declared but never referenced
        int DropdownSecItemNum;
..\EMWIN\Demo\startSetTime.c: 9 warnings, 0 errors
linking...
Program Size: Code=106216 RO-data=48440 RW-data=1216 ZI-data=1093472  
FromELF: creating hex file...
"..\OBJ\MALLOC.axf" - 0 Error(s), 14 Warning(s).
</pre>
</body>
</html>
